numpy 2.4.6
====================================================================================================
E1  H2 correlation test with the LAYER as the resampling unit
====================================================================================================
  L  rho_true  mean_rho  P(CI excl 0)  Fisher CI width  layer-bootstrap CI width
  4      0.60     0.471         0.166            1.513                     0.000
  4      0.80     0.666         0.291            1.265                     0.000
  4      0.90     0.781         0.423            1.018                     0.000
  6      0.60     0.498         0.204            1.260                     1.173
  6      0.80     0.698         0.438            1.016                     0.939
  6      0.90     0.810         0.648            0.788                     0.750
  8      0.60     0.530         0.321            1.046                     1.115
  8      0.80     0.720         0.634            0.800                     0.890
  8      0.90     0.829         0.838            0.586                     0.688
 12      0.60     0.542         0.500            0.835                     0.916
 12      0.80     0.738         0.866            0.593                     0.689
 12      0.90     0.849         0.979            0.394                     0.505
 16      0.60     0.553         0.655            0.704                     0.758
 16      0.80     0.752         0.959            0.475                     0.558
 16      0.90     0.860         0.998            0.303                     0.394
 24      0.60     0.564         0.855            0.560                     0.584
 24      0.80     0.763         0.998            0.361                     0.396
 24      0.90     0.872         1.000            0.217                     0.256

Paired test: proxy (true rank corr 0.90) vs comparator (0.70) over L layers.
  L  P(declared winner)  mean dRho  mean 95% CI width
  4               0.486      0.158              0.000
  6               0.058      0.178              1.271
  8               0.036      0.169              1.260
 12               0.082      0.167              0.981
 16               0.121      0.170              0.795
 24               0.182      0.169              0.614
 48               0.446      0.176              0.401

====================================================================================================
E2  calibration-sample estimator of the proxy unit
====================================================================================================

[gaussian] true E||X.Delta^T||^2 = 59.7176
      n         mean est   rel bias     rel SE  rel SE of a k=6 layer ranking
     32          59.6555    -0.0010     0.0273                              -
    128           59.744     0.0004     0.0138                              -
