C:\Users\oussa\oussema\SpectraQuant\docs\results\verification\probe_compose.py:131: UserWarning: Converting a tensor with requires_grad=True to a scalar may lead to unexpected behavior.
Consider using tensor.detach() first. (Triggered internally at C:\actions-runner\_work\pytorch\pytorch\torch\csrc\autograd\generated\python_variable_methods.cpp:821.)
  return float(loss)

================================================================================================================
[trained-LN-r32-b4] use_ln=True train_steps=300 rank=32 bits=4 n_linears=24  final train loss=6.237
================================================================================================================
    layer  proxy(fpX)  proxy(in-situ)    shift%    d_hidden    d_logits         KL      gain
   b0.qkv      269.73          269.73      0.00     0.10427     0.21795  0.0002129 0.0003866
  b0.proj      15.791          6.3709    -59.65   0.0042291   0.0052016  5.083e-06 0.0002678
   b0.fc1      204.12          204.21      0.04    0.010738    0.018281  1.794e-05 5.261e-05
   b0.fc2      59.173          41.726    -29.49    0.011721    0.014278  1.377e-05 0.0001981
   b1.qkv      58.366           59.74      2.35   0.0009708   0.0011906  1.146e-06 1.663e-05
  b1.proj      14.048          12.585    -10.41   0.0026478   0.0032132  3.073e-06 0.0001885
   b1.fc1      97.085          98.526      1.48   0.0018296   0.0025455  2.514e-06 1.885e-05
   b1.fc2      6.5266          4.5867    -29.72    0.001214   0.0014952  1.446e-06  0.000186
   b2.qkv      44.112          43.365     -1.69   0.0008145  0.00082334  8.018e-07 1.846e-05
  b2.proj       11.35          12.298      8.35   0.0022562   0.0028708  2.776e-06 0.0001988
   b2.fc1      76.773          77.598      1.08  0.00094284   0.0013529  1.322e-06 1.228e-05
   b2.fc2      8.8521          5.6973    -35.64   0.0016625    0.002051  1.984e-06 0.0001878
   b3.qkv      41.359          40.681     -1.64   0.0016658   0.0022761  2.206e-06 4.028e-05
  b3.proj       9.298          8.6879     -6.56   0.0018037   0.0019593  1.914e-06  0.000194
   b3.fc1      84.853           85.49      0.75  0.00081886   0.0012785  1.267e-06  9.65e-06
   b3.fc2      11.092          6.7273    -39.35   0.0020478   0.0026574  2.615e-06 0.0001846
   b4.qkv      68.185          68.364      0.26   0.0024298   0.0031734  3.067e-06 3.564e-05
  b4.proj      7.2433          7.4561      2.94   0.0013465   0.0013851  1.339e-06 0.0001859
   b4.fc1      81.753          81.768      0.02  0.00069374  0.00091289  8.889e-07 8.486e-06
   b4.fc2      8.0013          7.4366     -7.06   0.0015269   0.0018129  1.777e-06 0.0001908
   b5.qkv      71.064          70.656     -0.57   0.0016913   0.0023474  2.272e-06  2.38e-05
  b5.proj      8.0352          6.5041    -19.05   0.0015951   0.0015994  1.575e-06 0.0001985
   b5.fc1      80.069          80.207      0.17  0.00089711   0.0011313    1.1e-06  1.12e-05
   b5.fc2      6.1098          5.3108    -13.08   0.0011798   0.0012671  1.213e-06 0.0001931

  Spearman(proxy on fp activations , single-layer downstream damage) = 0.1191
  Spearman(proxy on in-situ activs , single-layer downstream damage) = 0.0209
  Spearman(proxy fp activs         , proxy in-situ activs)           = 0.9522
  downstream gain spread: min=8.486e-06  max=0.0003866  ratio=45.6x
  sum of single-layer damages = 0.160994
  MEASURED joint damage (all layers compressed) = 0.191836   joint KL = 0.0003544
  superposition ratio  joint / sum-single = 1.1916
  sum of layerwise proxies (design-note aggregate) = 1342.99
  joint damage / summed proxy = 0.0001
  summed proxy after activation shift = 1305.72  (x0.9723 vs fp-X)

================================================================================================================
[trained-noLN-r32-b4] use_ln=False train_steps=300 rank=32 bits=4 n_linears=24  final train loss=6.058
================================================================================================================
    layer  proxy(fpX)  proxy(in-situ)    shift%    d_hidden    d_logits         KL      gain
   b0.qkv      173.71          173.71      0.00      15.168       19.85    0.01978   0.08732
  b0.proj      3.3028         0.66552    -79.85      3.4337       4.375   0.004281      1.04
   b0.fc1      223.67          218.66     -2.24      16.953      21.728    0.02226   0.07579
   b0.fc2      12.143          1.8671    -84.62      11.212      13.744    0.01393    0.9233
   b1.qkv       148.6           156.9      5.59        7.02      8.6256   0.008448   0.04724
  b1.proj      2.7806         0.88351    -68.23      2.7949      3.4634   0.003415     1.005
   b1.fc1       191.4           201.5      5.28      4.0249      5.2222   0.005193   0.02103
   b1.fc2      2.1027         0.99994    -52.45      1.9608      2.3478   0.002364    0.9325
   b2.qkv      150.63          153.53      1.93      7.8326      9.8148   0.009468     0.052
  b2.proj      3.0464         0.75803    -75.12      2.9029      3.6417   0.003569    0.9529
   b2.fc1      199.76          206.26      3.26      3.6948      4.8147   0.004766    0.0185
   b2.fc2      2.0639         0.90121    -56.33      1.9607      2.3487   0.002358      0.95
   b3.qkv      151.63          155.18      2.34      7.0368      8.8404   0.008626   0.04641
  b3.proj      3.3785         0.71452    -78.85       3.129      3.8083    0.00367    0.9261
   b3.fc1      205.18          211.81      3.23      7.1284      9.0452   0.009009   0.03474
   b3.fc2       2.836          1.3055    -53.97       2.664      3.0915   0.003061    0.9393
   b4.qkv      154.98          152.97     -1.30      7.0437      8.2663   0.008009   0.04545
  b4.proj        4.43         0.78061    -82.38      3.9739       4.575   0.004479     0.897
   b4.fc1      208.25          210.42      1.04      6.3562      7.8549   0.007765   0.03052
   b4.fc2      2.7654          1.1403    -58.77      2.6565      2.9917   0.002983    0.9606
   b5.qkv      150.02          147.17     -1.90      6.0545      7.3059   0.007089   0.04036
  b5.proj      4.5536         0.89885    -80.26       4.318       5.055   0.004989    0.9483
   b5.fc1      206.18           207.8      0.79      11.063      13.165    0.01277   0.05366
   b5.fc2      4.5514          1.6711    -63.28      4.5514      4.9786   0.004888         1

  Spearman(proxy on fp activations , single-layer downstream damage) = 0.8130
  Spearman(proxy on in-situ activs , single-layer downstream damage) = 0.6861
  Spearman(proxy fp activs         , proxy in-situ activs)           = 0.8704
  downstream gain spread: min=0.0185  max=1.04  ratio=56.2x
  sum of single-layer damages = 144.933
  MEASURED joint damage (all layers compressed) = 107.309   joint KL = 0.135
  superposition ratio  joint / sum-single = 0.7404
  sum of layerwise proxies (design-note aggregate) = 2211.97
  joint damage / summed proxy = 0.0485
  summed proxy after activation shift = 2208.48  (x0.9984 vs fp-X)

================================================================================================================
[trained-LN-r64-b4] use_ln=True train_steps=300 rank=64 bits=4 n_linears=24  final train loss=6.242
================================================================================================================
    layer  proxy(fpX)  proxy(in-situ)    shift%    d_hidden    d_logits         KL      gain
   b0.qkv      146.04          146.04      0.00     0.14246     0.31905  0.0003116 0.0009755
  b0.proj      5.7717          3.3104    -42.64   0.0042261   0.0051482  5.014e-06 0.0007322
   b0.fc1      143.94          143.56     -0.26     0.01303    0.019338  1.885e-05 9.052e-05
   b0.fc2      21.171           14.41    -31.94    0.010598    0.010205  9.924e-06 0.0005006
   b1.qkv      34.091          34.336      0.72   0.0023924   0.0033473  3.275e-06 7.018e-05
  b1.proj      4.2291           3.975     -6.01   0.0019966   0.0021519  2.093e-06 0.0004721
   b1.fc1      58.721          58.735      0.02   0.0020142   0.0024716  2.396e-06  3.43e-05
   b1.fc2      4.5281          3.3586    -25.83   0.0023038   0.0023032  2.233e-06 0.0005088
   b2.qkv      32.163          32.029     -0.42   0.0018518    0.002524   2.49e-06 5.758e-05
  b2.proj      2.2581          2.2361     -0.98   0.0011519    0.001286  1.255e-06 0.0005101
   b2.fc1      57.997          57.845     -0.26   0.0017915   0.0028743  2.781e-06 3.089e-05
   b2.fc2      2.2724          1.5253    -32.88   0.0011639   0.0011361  1.115e-06 0.0005122
   b3.qkv      33.847          33.803     -0.13   0.0027823   0.0035044  3.473e-06  8.22e-05
  b3.proj      1.4613          1.7612     20.52  0.00078515  0.00074098  7.139e-07 0.0005373
   b3.fc1      52.624          52.103     -0.99   0.0015581   0.0021996  2.143e-06 2.961e-05
   b3.fc2      2.6225          2.3545    -10.22   0.0013749   0.0013766  1.322e-06 0.0005243
   b4.qkv      31.423          31.258     -0.53   0.0016116   0.0018397  1.794e-06 5.129e-05
  b4.proj      1.8671          1.9899      6.58  0.00099545   0.0010438  1.014e-06 0.0005332
   b4.fc1      63.719          63.154     -0.89   0.0020006   0.0028566   2.81e-06  3.14e-05
   b4.fc2      1.9531          1.6551    -15.26   0.0010323  0.00090116  8.738e-07 0.0005286
   b5.qkv      36.103          35.825     -0.77   0.0021564   0.0022712  2.197e-06 5.973e-05
  b5.proj      2.1619          2.0331     -5.96   0.0011482   0.0012403  1.204e-06 0.0005311
   b5.fc1      60.871          60.183     -1.13   0.0018602   0.0027911  2.736e-06 3.056e-05
   b5.fc2      1.6635          1.3717    -17.54  0.00087737  0.00078103  7.677e-07 0.0005274

  Spearman(proxy on fp activations , single-layer downstream damage) = 0.7348
  Spearman(proxy on in-situ activs , single-layer downstream damage) = 0.7043
  Spearman(proxy fp activs         , proxy in-situ activs)           = 0.9783
  downstream gain spread: min=2.961e-05  max=0.0009755  ratio=32.9x
  sum of single-layer damages = 0.203162
  MEASURED joint damage (all layers compressed) = 0.236536   joint KL = 0.0004493
  superposition ratio  joint / sum-single = 1.1643
  sum of layerwise proxies (design-note aggregate) = 803.494
  joint damage / summed proxy = 0.0003
  summed proxy after activation shift = 788.848  (x0.9818 vs fp-X)

================================================================================================================
[trained-LN-r32-b8] use_ln=True train_steps=300 rank=32 bits=8 n_linears=24  final train loss=6.232
================================================================================================================
    layer  proxy(fpX)  proxy(in-situ)    shift%    d_hidden    d_logits         KL      gain
   b0.qkv      260.22          260.22      0.00    0.096822     0.19336  0.0001901 0.0003721
  b0.proj      14.445          4.4875    -68.93   0.0049589   0.0064093   6.24e-06 0.0003433
   b0.fc1      266.96          268.71      0.65    0.020933    0.038667    3.8e-05 7.841e-05
   b0.fc2      45.934           17.23    -62.49   0.0098402    0.011244  1.088e-05 0.0002142
   b1.qkv      50.686          52.413      3.41   0.0019146   0.0023468  2.298e-06 3.777e-05
  b1.proj      15.128          14.075     -6.96   0.0032186    0.003829  3.693e-06 0.0002128
   b1.fc1      87.762          91.603      4.38   0.0016899   0.0021727  2.114e-06 1.926e-05
   b1.fc2      9.8922          6.6821    -32.45   0.0020368   0.0025404   2.43e-06 0.0002059
   b2.qkv      36.733          37.415      1.86  0.00090193   0.0013687  1.335e-06 2.455e-05
  b2.proj      11.914          12.677      6.41   0.0024088   0.0026259  2.556e-06 0.0002022
   b2.fc1      71.372          72.235      1.21  0.00088441    0.001065  1.044e-06 1.239e-05
   b2.fc2      5.3691          5.6562      5.35   0.0011096   0.0011359  1.095e-06 0.0002067
   b3.qkv      67.515          67.792      0.41   0.0021941   0.0031369  3.117e-06  3.25e-05
  b3.proj      11.225          8.6579    -22.87   0.0023813   0.0023946   2.32e-06 0.0002121
   b3.fc1      85.737          85.886      0.17  0.00092857   0.0011676  1.125e-06 1.083e-05
   b3.fc2      5.4116           6.469     19.54   0.0011606   0.0013453  1.296e-06 0.0002145
   b4.qkv      67.891          68.067      0.26   0.0022741   0.0035404  3.453e-06  3.35e-05
  b4.proj      6.3191          5.6869    -10.00   0.0013448   0.0013549  1.305e-06 0.0002128
   b4.fc1      85.549          86.221      0.79  0.00082247   0.0011822  1.151e-06 9.614e-06
   b4.fc2      5.7087          3.9857    -30.18   0.0012119   0.0014641  1.444e-06 0.0002123
   b5.qkv       69.16          69.694      0.77   0.0020508   0.0024336  2.414e-06 2.965e-05
  b5.proj      7.1861          5.2104    -27.49   0.0015464    0.001859  1.805e-06 0.0002152
   b5.fc1      78.678            78.6     -0.10  0.00055822  0.00064721  6.275e-07 7.095e-06
   b5.fc2      4.4389          3.5205    -20.69  0.00094032   0.0010503   1.01e-06 0.0002118

  Spearman(proxy on fp activations , single-layer downstream damage) = 0.1374
  Spearman(proxy on in-situ activs , single-layer downstream damage) = 0.0557
  Spearman(proxy fp activs         , proxy in-situ activs)           = 0.9609
  downstream gain spread: min=7.095e-06  max=0.0003721  ratio=52.4x
  sum of single-layer damages = 0.164132
  MEASURED joint damage (all layers compressed) = 0.184302   joint KL = 0.0003353
  superposition ratio  joint / sum-single = 1.1229
  sum of layerwise proxies (design-note aggregate) = 1371.24
  joint damage / summed proxy = 0.0001
  summed proxy after activation shift = 1333.2  (x0.9723 vs fp-X)

================================================================================================================
[untrained-LN-r32-b4] use_ln=True train_steps=0 rank=32 bits=4 n_linears=24  final train loss=nan
================================================================================================================
    layer  proxy(fpX)  proxy(in-situ)    shift%    d_hidden    d_logits         KL      gain
   b0.qkv      130.36          130.36      0.00      1.6696      1.5125   0.001475   0.01281
  b0.proj     0.91931         0.28088    -69.45      1.2911       1.151   0.001116     1.404
   b0.fc1      178.16          177.95     -0.12       6.138      5.5109   0.005363   0.03445
   b0.fc2      7.4241          2.2681    -69.45      8.4748      7.6837   0.007448     1.142
   b1.qkv      130.58          129.96     -0.47      1.8169      1.6025   0.001558   0.01391
  b1.proj      1.1246         0.30206    -73.14      1.3837      1.1767   0.001149      1.23
   b1.fc1      178.36          178.47      0.06      5.7998      5.2147   0.005101   0.03252
   b1.fc2      7.7179          2.3438    -69.63      7.2517      6.6048   0.006461    0.9396
   b2.qkv      128.83          128.37     -0.36      1.9783      1.7328   0.001692   0.01536
  b2.proj      1.3466         0.30403    -77.42      1.5764      1.4478   0.001406     1.171
   b2.fc1      178.46          178.66      0.11      5.6914      5.1005   0.004983   0.03189
   b2.fc2      7.3333          2.1763    -70.32      7.0097      6.5155   0.006413    0.9559
   b3.qkv      130.45           130.3     -0.11      1.8468      1.6487    0.00161   0.01416
  b3.proj      1.6759         0.31369    -81.28      1.4559      1.3425   0.001309    0.8687
   b3.fc1       175.8          177.06      0.72      5.0019      4.4364   0.004321   0.02845
   b3.fc2       7.045           2.166    -69.26      6.1036      5.5857   0.005458    0.8664
   b4.qkv      129.64           130.1      0.36      1.8565      1.6625   0.001613   0.01432
  b4.proj      2.2735         0.31179    -86.29      1.8862      1.6581   0.001613    0.8296
   b4.fc1      178.33          178.14     -0.11      5.1031      4.5858   0.004445   0.02862
   b4.fc2      7.9921          2.4938    -68.80      6.2878      5.7505   0.005585    0.7867
   b5.qkv      130.66          130.52     -0.11      1.9155      1.7941    0.00174   0.01466
  b5.proj      2.1264          0.4269    -79.92      1.5356      1.4199   0.001381    0.7222
   b5.fc1      177.66          178.23      0.32      4.7716      4.3008   0.004187   0.02686
   b5.fc2      7.5613          2.3288    -69.20      5.4707      4.9665   0.004893    0.7235

  Spearman(proxy on fp activations , single-layer downstream damage) = 0.4061
  Spearman(proxy on in-situ activs , single-layer downstream damage) = 0.3870
  Spearman(proxy fp activs         , proxy in-situ activs)           = 0.9887
  downstream gain spread: min=0.01281  max=1.404  ratio=109.7x
  sum of single-layer damages = 93.3166
  MEASURED joint damage (all layers compressed) = 52.6192   joint KL = 0.04631
  superposition ratio  joint / sum-single = 0.5639
  sum of layerwise proxies (design-note aggregate) = 1901.82
  joint damage / summed proxy = 0.0277
  summed proxy after activation shift = 1863.83  (x0.9800 vs fp-X)

================================================================================================================
SUMMARY
================================================================================================================
              config  rho(proxy,damage)  rho(in-situ,damage)  joint/sum_single joint/sum_proxy  proxy shift x  gain spread
   trained-LN-r32-b4             0.1191               0.0209            1.1916          0.0001         0.9723        45.6x
 trained-noLN-r32-b4             0.8130               0.6861            0.7404          0.0485         0.9984        56.2x
   trained-LN-r64-b4             0.7348               0.7043            1.1643          0.0003         0.9818        32.9x
   trained-LN-r32-b8             0.1374               0.0557            1.1229          0.0001         0.9723        52.4x
 untrained-LN-r32-b4             0.4061               0.3870            0.5639          0.0277         0.9800       109.7x

wall 157.9s
